[pdamgowa.co.id/index.html]
[backblue.gif]
[fade.gif]
[index.html]
[pdamgowa.co.id/upload/0360c408404efb4a36fc1a4ada5867bb80400452820230114.png]
[pdamgowa.co.id/content/themes-1/assets/css/slick/slick.css]
[pdamgowa.co.id/content/themes-1/assets/css/slick/slick-theme.css]
[pdamgowa.co.id/content/themes-1/assets/css/animate.css]
[pdamgowa.co.id/content/themes-1/assets/css/iconfont.css]
[pdamgowa.co.id/content/themes-1/assets/css/font-awesome.min.css]
[pdamgowa.co.id/content/themes-1/assets/css/bootstrap.css]
[pdamgowa.co.id/content/themes-1/assets/css/magnific-popup.css]
[pdamgowa.co.id/content/themes-1/assets/css/bootsnav.css]
[pdamgowa.co.id/content/themes-1/assets/css/style.css]
[pdamgowa.co.id/content/themes-1/assets/css/responsive.css]
[pdamgowa.co.id/content/themes-1/assets/js/vendor/fancyapps/source/jquery.fancyboxca96.css]
[pdamgowa.co.id/content/themes-1/assets/js/vendor/modernizr-2.8.3-respond-1.4.2.min.js]
[pdamgowa.co.id/content/themes-1/assets/pagescript/custom.css]
[pdamgowa.co.id/content/themes-1/assets/pagescript/home.css]
[pdamgowa.co.id/home.html]
[pdamgowa.co.id/sejarah.html]
[pdamgowa.co.id/gambaran-umum.html]
[pdamgowa.co.id/struktur-organisasi.html]
[pdamgowa.co.id/pelanggan.html]
[pdamgowa.co.id/cakupan-layanan-air-bersih.html]
[pdamgowa.co.id/kapasitas-produksi.html]
[pdamgowa.co.id/sumber-air.html]
[pdamgowa.co.id/info-tagihan.html]
[pdamgowa.co.id/keluhan.html]
[pdamgowa.co.id/berita.html]
[pdamgowa.co.id/gallery.html]
[pdamgowa.co.id/contact.html]
[pdamgowa.co.id/upload/62bf1edb36141f114521ec4bb417557977742968320201113.jpg]
[pdamgowa.co.id/Array.html]
[pdamgowa.co.id/upload/134ce63057f068a219a0df338fb0b723202363122520201113.jpg]
[pdamgowa.co.id/upload/27cdb62f32d12d5d02d315841fdc5c3e183705846920240808.jpg]
[pdamgowa.co.id/upload/small-9fbf42eeaf9c35f9c7729446452f0d8e29666747820201113.jpg]
[pdamgowa.co.id/upload/small-0f7b96c554e03206afe4ed65d91a337d153832645020201113.jpg]
[pdamgowa.co.id/upload/small-81affe84921b0f5dfdcb17714ee74381159552238220241017.jpg]
[pdamgowa.co.id/berita/direktur-utama-perumda-tirta-jeneberang-melaksanakan-umroh-bersama-rombongan-pegawai-penerima-undian-umroh-2024.html]
[pdamgowa.co.id/upload/small-9ba727e5ecda8369bee1e07445eee433108950535620240918.jpg]
[pdamgowa.co.id/berita/perumda-air-minum-tirta-jeneberang-tingkatkan-kualitas-layanan-melalui-pelatihan-dan-studi-banding.html]
[pdamgowa.co.id/upload/small-6dcfc67e436822758ee7459faa4be15520559191420240828.jpg]
[pdamgowa.co.id/berita/perumda-air-minum-tirta-jeneberang-kabupaten-gowa-raih-juara-pertama-kategori-perumda-sedang-pembiayaan-alternatif-pada-perpamsi-award-2024.html]
[pdamgowa.co.id/upload/small-597a76a7b0a10de9d3afd6d38c831578131911747520240801.jpg]
[pdamgowa.co.id/berita/fgd-renbis-tahap-2-penyusunan-renbis-perumda-tirta-jeneberang-dalam-kerjasama-dengan-iuwash-usaid.html]
[pdamgowa.co.id/upload/small-ccda5e26fb11e95c9fa23ee7d1371145207701696220240724.jpg]
[pdamgowa.co.id/berita/acara-fgd-bisnis-plan-perumda-air-minum-tirta-jeneberang.html]
[pdamgowa.co.id/upload/small-2706fc50905fc3cbf01501de8de9694520344294020240718.jpg]
[pdamgowa.co.id/berita/pembukaan-pelatihan-pelayanan-prima-untuk-kepuasan-pelanggan-ke2-oleh-dirut-perumda-tirta-jeneberang-di-hotel-maleo-makassar.html]
[pdamgowa.co.id/upload/small-0b3324395676557c146a72943acb92f5121301797720240714.jpg]
[pdamgowa.co.id/berita/fashion-karnaval-perumda-air-minum-tirta-jeneberang-raih-prestasi-juara-harapan-2-di-beautiful-malino-2024.html]
[pdamgowa.co.id/upload/small-01c7045bdad93aad911042cdf25417e997548106820240713.jpg]
[pdamgowa.co.id/berita/karnaval-perumda-air-minum-tirta-jeneberang-di-beautiful-malino-2024.html]
[pdamgowa.co.id/upload/small-3416a12facd792bbef103a579b50b8e4154559314720240926.jpg]
[pdamgowa.co.id/upload/3416a12facd792bbef103a579b50b8e4154559314720240926.jpg]
[pdamgowa.co.id/upload/small-3fca6a675ec28734a1d964dfdf0a01b857567158220240926.jpg]
[pdamgowa.co.id/upload/3fca6a675ec28734a1d964dfdf0a01b857567158220240926.jpg]
[pdamgowa.co.id/upload/small-006628fb9e5f8d5cf776626e0c02149f205454872920240926.jpg]
[pdamgowa.co.id/upload/006628fb9e5f8d5cf776626e0c02149f205454872920240926.jpg]
[pdamgowa.co.id/upload/small-94c97ea5063819f222b62eb972a144c650648318920240926.jpg]
[pdamgowa.co.id/upload/94c97ea5063819f222b62eb972a144c650648318920240926.jpg]
[pdamgowa.co.id/upload/small-5dd5d7dba2b6b0c9c2363026eda37faa61292336820240926.jpg]
[pdamgowa.co.id/upload/5dd5d7dba2b6b0c9c2363026eda37faa61292336820240926.jpg]
[pdamgowa.co.id/upload/small-7f599636ce17415a8ef956d7a0fca237207065643920240926.jpg]
[pdamgowa.co.id/upload/7f599636ce17415a8ef956d7a0fca237207065643920240926.jpg]
[pdamgowa.co.id/upload/small-a7b31a83d38a0bdbfc2cadc074eb450469335072420240926.jpg]
[pdamgowa.co.id/upload/a7b31a83d38a0bdbfc2cadc074eb450469335072420240926.jpg]
[pdamgowa.co.id/upload/small-499737983f0d1f39d3633bf9cf3c5ad678957232320240926.jpg]
[pdamgowa.co.id/upload/499737983f0d1f39d3633bf9cf3c5ad678957232320240926.jpg]
[pdamgowa.co.id/upload/small-a0dbc6e37bd08fe74704670169da058e112197439520240808.png]
[pdamgowa.co.id/upload/small-fe6f54240b8b966f1a7900bab68bda97185713088720201113.png]
[pdamgowa.co.id/upload/small-fb28d858f763c3b66856ea01a49aecbd95357653220201113.png]
[pdamgowa.co.id/upload/small-d815f37c5a52f17e9ce273ca6eda30df157795934420201113.png]
[pdamgowa.co.id/upload/small-97f93001a32d7a043b10ff77b8dc628634183983420201117.png]
[pdamgowa.co.id/upload/small-461646f60548504b43df106b8290d7c888389954920201123.png]
[pdamgowa.co.id/upload/small-457fc75a792eecad52521725add9b64088580078720240808.png]
[pdamgowa.co.id/upload/small-7c48c7c1d89807c9efda90f0bc596cfd116330156920240808.png]
[pdamgowa.co.id/content/themes-1/assets/js/vendor/jquery-1.11.2.min.js]
[pdamgowa.co.id/content/themes-1/assets/js/vendor/bootstrap.min.js]
[pdamgowa.co.id/content/themes-1/assets/js/jquery.magnific-popup.js]
[pdamgowa.co.id/content/themes-1/assets/js/jquery.easing.1.3.js]
[pdamgowa.co.id/content/themes-1/assets/css/slick/slick.js]
[pdamgowa.co.id/content/themes-1/assets/css/slick/slick.min.js]
[pdamgowa.co.id/content/themes-1/assets/js/jquery.collapse.js]
[pdamgowa.co.id/content/themes-1/assets/js/bootsnav.js]
[pdamgowa.co.id/content/themes-1/assets/js/vendor/fancyapps/source/jquery.fancybox.packca96.js]
[pdamgowa.co.id/content/themes-1/assets/js/plugins.js]
[pdamgowa.co.id/content/themes-1/assets/js/main.js]
[pdamgowa.co.id/content/themes-1/assets/pagescript/custom.js]
[pdamgowa.co.id/index.html]
[pdamgowa.co.id/content/themes-1/assets/css/slick/slick.css]
[pdamgowa.co.id/content/themes-1/assets/css/slick/ajax-loader.gif]
[pdamgowa.co.id/content/themes-1/assets/css/slick/fonts/slick.eot]
[pdamgowa.co.id/content/themes-1/assets/css/slick/fonts/slickd41d.eot]
[pdamgowa.co.id/content/themes-1/assets/css/slick/fonts/slick.woff]
[pdamgowa.co.id/content/themes-1/assets/css/slick/fonts/slick.ttf]
[pdamgowa.co.id/content/themes-1/assets/css/slick/slick-theme.css]
[pdamgowa.co.id/content/themes-1/assets/css/animate.css]
[pdamgowa.co.id/content/themes-1/assets/css/iconfont.css]
[pdamgowa.co.id/content/themes-1/assets/fonts/fontawesome-webfont3e6e.eot]
[pdamgowa.co.id/content/themes-1/assets/fonts/fontawesome-webfontd41d.eot]
[pdamgowa.co.id/content/themes-1/assets/fonts/fontawesome-webfont3e6e.woff2]
[pdamgowa.co.id/content/themes-1/assets/fonts/fontawesome-webfont3e6e.woff]
[pdamgowa.co.id/content/themes-1/assets/fonts/fontawesome-webfont3e6e.ttf]
[pdamgowa.co.id/content/themes-1/assets/css/font-awesome.min.css]
[pdamgowa.co.id/content/themes-1/assets/fonts/glyphicons-halflings-regular.eot]
[pdamgowa.co.id/content/themes-1/assets/fonts/glyphicons-halflings-regulard41d.eot]
[pdamgowa.co.id/content/themes-1/assets/fonts/glyphicons-halflings-regular.woff2]
[pdamgowa.co.id/content/themes-1/assets/fonts/glyphicons-halflings-regular.woff]
[pdamgowa.co.id/content/themes-1/assets/fonts/glyphicons-halflings-regular.ttf]
[pdamgowa.co.id/content/themes-1/assets/css/bootstrap.css]
[pdamgowa.co.id/content/themes-1/assets/css/magnific-popup.css]
[pdamgowa.co.id/content/themes-1/assets/css/bootsnav.css]
[pdamgowa.co.id/content/themes-1/assets/css/style.css]
[pdamgowa.co.id/content/themes-1/assets/css/responsive.css]
[pdamgowa.co.id/content/themes-1/assets/js/vendor/fancyapps/source/fancybox_sprite.png]
[pdamgowa.co.id/content/themes-1/assets/js/vendor/fancyapps/source/fancybox_loading.gif]
[pdamgowa.co.id/content/themes-1/assets/js/vendor/fancyapps/source/blank.gif]
[pdamgowa.co.id/content/themes-1/assets/js/vendor/fancyapps/source/fancybox_overlay.png]
[pdamgowa.co.id/content/themes-1/assets/js/vendor/fancyapps/source/jquery.fancyboxca96.css]
[pdamgowa.co.id/content/themes-1/assets/pagescript/custom.css]
[pdamgowa.co.id/content/themes-1/assets/pagescript/home.css]
[pdamgowa.co.id/home.html]
[pdamgowa.co.id/upload/9fbf42eeaf9c35f9c7729446452f0d8e29666747820201113.jpg]
[pdamgowa.co.id/sejarah.html]
[pdamgowa.co.id/upload/bf65744e164a9de50c562035f77831c7110256314820201113.jpg]
[pdamgowa.co.id/gambaran-umum.html]
[pdamgowa.co.id/upload/d88573f5d008425d29752382552a08d3126136790220201113.jpg]
[pdamgowa.co.id/struktur-organisasi.html]
[pdamgowa.co.id/upload/5ecc8cbfbf9a03e6c97ad02a9413675c92455310220201113.png]
[pdamgowa.co.id/pelanggan.html]
[pdamgowa.co.id/upload/0f7b96c554e03206afe4ed65d91a337d153832645020201113.jpg]
[pdamgowa.co.id/cakupan-layanan-air-bersih.html]
[pdamgowa.co.id/upload/3f1e51b9acdeea472eec220827dee3ae128262934520201113.jpg]
[pdamgowa.co.id/kapasitas-produksi.html]
[pdamgowa.co.id/upload/dc9452d60cacaed27da80e02abab9912115154183020201113.jpg]
[pdamgowa.co.id/sumber-air.html]
[pdamgowa.co.id/upload/tmp/Loading-GIF-Image-18.gif]
[pdamgowa.co.id/content/themes-1/assets/pagescript/sha1.js]
[pdamgowa.co.id/content/themes-1/assets/pagescript/moment.js]
[pdamgowa.co.id/content/themes-1/assets/pagescript/jquery.number.min.js]
[pdamgowa.co.id/info-tagihan.html]
[pdamgowa.co.id/content/themes-1/assets/pagescript/tagihane209.js]
[ssl.gstatic.com/accounts/ui/avatar_2x.png]
[pdamgowa.co.id/keluhan.html]
[pdamgowa.co.id/content/themes-1/assets/pagescript/keluhane166.js]
[pdamgowa.co.id/content/themes-1/assets/pagescript/artikel.css]
[pdamgowa.co.id/upload/81affe84921b0f5dfdcb17714ee74381159552238220241017.jpg]
[pdamgowa.co.id/upload/9ba727e5ecda8369bee1e07445eee433108950535620240918.jpg]
[pdamgowa.co.id/content/themes-1/assets/js/angular.min.js]
[pdamgowa.co.id/upload/6dcfc67e436822758ee7459faa4be15520559191420240828.jpg]
[pdamgowa.co.id/upload/597a76a7b0a10de9d3afd6d38c831578131911747520240801.jpg]
[pdamgowa.co.id/berita4658.html]
[pdamgowa.co.id/berita/--kategori/informasi-tagihan.html]
[pdamgowa.co.id/berita/--kategori/berita.html]
[pdamgowa.co.id/berita/--kategori/olahraga.html]
[pdamgowa.co.id/berita/--kategori/teknologi.html]
[pdamgowa.co.id/berita.html]
[pdamgowa.co.id/content/themes-1/assets/pagescript/galeri.css]
[pdamgowa.co.id/upload/8dc23ee427f5c07da0c1aa33f28952d280437145320240926.jpg]
[pdamgowa.co.id/upload/small-8dc23ee427f5c07da0c1aa33f28952d280437145320240926.jpg]
[pdamgowa.co.id/upload/bb06b3ab878c569adf6dc352e129348b172451691520240606.jpg]
[pdamgowa.co.id/upload/small-bb06b3ab878c569adf6dc352e129348b172451691520240606.jpg]
[pdamgowa.co.id/upload/99817e277fb7403e56e8cd9903c39fcd197644285320240606.jpg]
[pdamgowa.co.id/upload/small-99817e277fb7403e56e8cd9903c39fcd197644285320240606.jpg]
[pdamgowa.co.id/upload/bd97869bfb428a482f7f6333cdc12e1858514697020240606.jpg]
[pdamgowa.co.id/upload/small-bd97869bfb428a482f7f6333cdc12e1858514697020240606.jpg]
[pdamgowa.co.id/upload/1fd5963ee45420794387edba622af2a741785523820240606.jpg]
[pdamgowa.co.id/upload/small-1fd5963ee45420794387edba622af2a741785523820240606.jpg]
[pdamgowa.co.id/upload/8116205b40952e89ab6a6fe31aa8a0f721741511020240606.jpg]
[pdamgowa.co.id/upload/small-8116205b40952e89ab6a6fe31aa8a0f721741511020240606.jpg]
[pdamgowa.co.id/upload/a82590c8319550735f91656a6a4dc44a154514308020240606.jpg]
[pdamgowa.co.id/upload/small-a82590c8319550735f91656a6a4dc44a154514308020240606.jpg]
[pdamgowa.co.id/upload/00226a6c465ae57abce33c5ededa6a66107184023120240606.jpg]
[pdamgowa.co.id/upload/small-00226a6c465ae57abce33c5ededa6a66107184023120240606.jpg]
[pdamgowa.co.id/upload/b6e51298ce3eb211f2c175396664995c153667942720240606.jpg]
[pdamgowa.co.id/upload/small-b6e51298ce3eb211f2c175396664995c153667942720240606.jpg]
[pdamgowa.co.id/upload/35755ad8afe10a5f512d87c5a10535d992086721720240606.jpg]
[pdamgowa.co.id/upload/small-35755ad8afe10a5f512d87c5a10535d992086721720240606.jpg]
[pdamgowa.co.id/upload/254bc4b530794bdef55b9af3ba648de4122514584120240606.jpg]
[pdamgowa.co.id/upload/small-254bc4b530794bdef55b9af3ba648de4122514584120240606.jpg]
[pdamgowa.co.id/upload/182845aceb39c9e413e28fd549058cf848086195020201117.jpg]
[pdamgowa.co.id/upload/small-182845aceb39c9e413e28fd549058cf848086195020201117.jpg]
[pdamgowa.co.id/upload/566cc461ab150d6d439b195d9889cde120601186920201117.jpg]
[pdamgowa.co.id/upload/small-566cc461ab150d6d439b195d9889cde120601186920201117.jpg]
[pdamgowa.co.id/upload/ec064572f9f9f2bfccde2e811da65273512218320201117.jpg]
[pdamgowa.co.id/upload/small-ec064572f9f9f2bfccde2e811da65273512218320201117.jpg]
[pdamgowa.co.id/upload/1157ab4d670607e9a535a27ea574197590269204020201117.jpg]
[pdamgowa.co.id/upload/small-1157ab4d670607e9a535a27ea574197590269204020201117.jpg]
[pdamgowa.co.id/upload/58c78c44771f14b4238bc2d796a21bd9177441346620201117.jpg]
[pdamgowa.co.id/upload/small-58c78c44771f14b4238bc2d796a21bd9177441346620201117.jpg]
[pdamgowa.co.id/upload/57a6f022e9adff505d711f6bb6df368b64868730620201117.jpg]
[pdamgowa.co.id/upload/small-57a6f022e9adff505d711f6bb6df368b64868730620201117.jpg]
[pdamgowa.co.id/upload/8d8066dab1a94119bc65bd5ed9e0475572416268320201117.jpg]
[pdamgowa.co.id/upload/small-8d8066dab1a94119bc65bd5ed9e0475572416268320201117.jpg]
[pdamgowa.co.id/upload/57a6f022e9adff505d711f6bb6df368b110984398120201117.jpg]
[pdamgowa.co.id/upload/small-57a6f022e9adff505d711f6bb6df368b110984398120201117.jpg]
[pdamgowa.co.id/upload/efc17d5da4907533d3bc750122c16c9579598060120201117.jpg]
[pdamgowa.co.id/upload/small-efc17d5da4907533d3bc750122c16c9579598060120201117.jpg]
[pdamgowa.co.id/upload/7dbfa5233c004d0e5abb7a41cc7c739c37061693320201117.jpg]
[pdamgowa.co.id/upload/small-7dbfa5233c004d0e5abb7a41cc7c739c37061693320201117.jpg]
[pdamgowa.co.id/upload/3d7c452abfba6a9e2b305ac5e6094d82137555285620201117.jpg]
[pdamgowa.co.id/upload/small-3d7c452abfba6a9e2b305ac5e6094d82137555285620201117.jpg]
[pdamgowa.co.id/upload/a4a01c47bc3114999c053477a638542591952101720201117.jpg]
[pdamgowa.co.id/upload/small-a4a01c47bc3114999c053477a638542591952101720201117.jpg]
[pdamgowa.co.id/upload/8573f77a69662a7c690d87e4b524811b135248537620201117.jpg]
[pdamgowa.co.id/upload/small-8573f77a69662a7c690d87e4b524811b135248537620201117.jpg]
[pdamgowa.co.id/upload/88b4c7b2885c10f03e4ae8281b88055c192434983820201117.jpg]
[pdamgowa.co.id/upload/small-88b4c7b2885c10f03e4ae8281b88055c192434983820201117.jpg]
[pdamgowa.co.id/upload/51cc006efde21d8a5b4e536db1cb8c91136606118820201117.jpg]
[pdamgowa.co.id/upload/small-51cc006efde21d8a5b4e536db1cb8c91136606118820201117.jpg]
[pdamgowa.co.id/upload/7f12c51796241656568adae431b55f55160241512620201117.jpg]
[pdamgowa.co.id/upload/small-7f12c51796241656568adae431b55f55160241512620201117.jpg]
[pdamgowa.co.id/upload/607750fc7d41a4be7b22539661f4784d184662192320201117.jpg]
[pdamgowa.co.id/upload/small-607750fc7d41a4be7b22539661f4784d184662192320201117.jpg]
[pdamgowa.co.id/upload/7e9aa922c6b25f8dca8685ac3eda3d30147450724720201117.jpg]
[pdamgowa.co.id/upload/small-7e9aa922c6b25f8dca8685ac3eda3d30147450724720201117.jpg]
[pdamgowa.co.id/upload/45b93704e1e1117444c456cb3ec4c27e110575097220201117.jpg]
[pdamgowa.co.id/upload/small-45b93704e1e1117444c456cb3ec4c27e110575097220201117.jpg]
[pdamgowa.co.id/gallery.html]
[pdamgowa.co.id/contact.html]
[pdamgowa.co.id/content/themes-1/assets/pagescript/contact.js]
[pdamgowa.co.id/Array.html]
[pdamgowa.co.id/upload/de7994efc6d052ddc759e96fb312e85822402667220241017.jpg]
[pdamgowa.co.id/upload/080ade8e7238bf272a8704d957045f3155134868320241017.jpg]
[pdamgowa.co.id/berita/direktur-utama-perumda-tirta-jeneberang-melaksanakan-umroh-bersama-rombongan-pegawai-penerima-undian-umroh-2024.html]
[pdamgowa.co.id/upload/7a95981a3232dbc0a3a39e188fb31c8866586745420240918.jpg]
[pdamgowa.co.id/upload/68e6e229864bdca14ea16a1d8f0b2c4f97687452120240918.jpg]
[pdamgowa.co.id/upload/e2708b8d60f36158b57d5c73759f7763139569656420240918.jpg]
[pdamgowa.co.id/berita/perumda-air-minum-tirta-jeneberang-tingkatkan-kualitas-layanan-melalui-pelatihan-dan-studi-banding.html]
[pdamgowa.co.id/upload/45d7ee388d211f84cfc67c6540712b3568297084120240828.jpg]
[pdamgowa.co.id/upload/d85a72eb43aa0979369ebd9e6961e432126309921220240828.jpg]
[pdamgowa.co.id/berita/perumda-air-minum-tirta-jeneberang-kabupaten-gowa-raih-juara-pertama-kategori-perumda-sedang-pembiayaan-alternatif-pada-perpamsi-award-2024.html]
[pdamgowa.co.id/upload/33ef389ff1fd1b8dfcb6ffa6090992ed184985114420240801.jpg]
[pdamgowa.co.id/upload/10ba27a595a7759f7bb717de65c01fa475831905320240801.jpg]
[pdamgowa.co.id/upload/3144097c78fba5d5edaf0dd9da47b03e68329104420240801.jpg]
[pdamgowa.co.id/berita/fgd-renbis-tahap-2-penyusunan-renbis-perumda-tirta-jeneberang-dalam-kerjasama-dengan-iuwash-usaid.html]
[pdamgowa.co.id/upload/ccda5e26fb11e95c9fa23ee7d1371145207701696220240724.jpg]
[pdamgowa.co.id/upload/fcb0bcd30bf65103423f32b4655373af63609047820240724.jpg]
[pdamgowa.co.id/upload/eee8515f9b00e37646b3086dd3e8dce043773564420240724.jpg]
[pdamgowa.co.id/upload/f6c03103e4c6ff644937c3ca975e262f28320883620240724.jpg]
[pdamgowa.co.id/berita/acara-fgd-bisnis-plan-perumda-air-minum-tirta-jeneberang.html]
[pdamgowa.co.id/upload/2706fc50905fc3cbf01501de8de9694520344294020240718.jpg]
[pdamgowa.co.id/upload/965618099999f71a6d4d535ab3c7eb5f168955163720240718.jpg]
[pdamgowa.co.id/upload/ab94217e0a5a927dbab3afd58d4c4c0f119224756720240718.jpg]
[pdamgowa.co.id/upload/788571c4d8be7b414b2a998e9ff7d1b460451275420240718.jpg]
[pdamgowa.co.id/berita/pembukaan-pelatihan-pelayanan-prima-untuk-kepuasan-pelanggan-ke2-oleh-dirut-perumda-tirta-jeneberang-di-hotel-maleo-makassar.html]
[pdamgowa.co.id/upload/0b3324395676557c146a72943acb92f5121301797720240714.jpg]
[pdamgowa.co.id/upload/0a3bb63ddc74d5589e457bc554f75395135741035120240714.jpg]
[pdamgowa.co.id/upload/f8fcffe2dc4ce60d893d7f3f1a17029988112700220240714.jpg]
[pdamgowa.co.id/berita/fashion-karnaval-perumda-air-minum-tirta-jeneberang-raih-prestasi-juara-harapan-2-di-beautiful-malino-2024.html]
[pdamgowa.co.id/upload/01c7045bdad93aad911042cdf25417e997548106820240713.jpg]
[pdamgowa.co.id/upload/dbbcb31db18d96710637bfb676debd12213254223220240713.jpg]
[pdamgowa.co.id/upload/1774c289c1ea7206bd84295a5012333850324157620240713.jpg]
[pdamgowa.co.id/berita/karnaval-perumda-air-minum-tirta-jeneberang-di-beautiful-malino-2024.html]
[pdamgowa.co.id/content/themes-1/assets/js/owl.carousel.min.html]
[pdamgowa.co.id/content/themes-1/assets/css/slick/fonts/slick.svg]
[pdamgowa.co.id/content/themes-1/assets/fonts/bootstrapThemesCo-icon9872.html]
[pdamgowa.co.id/content/themes-1/assets/fonts/bootstrapThemesCo-icon9872-2.html]
[pdamgowa.co.id/content/themes-1/assets/fonts/bootstrapThemesCo-icon9872-3.html]
[pdamgowa.co.id/content/themes-1/assets/fonts/bootstrapThemesCo-icon9872-4.html]
[pdamgowa.co.id/content/themes-1/assets/fonts/fontawesome-webfont3e6e.svg]
[pdamgowa.co.id/content/themes-1/assets/fonts/glyphicons-halflings-regular.svg]
[pdamgowa.co.id/content/themes-1/assets/images/loader.html]
[pdamgowa.co.id/upload/a588e1486956e39ddb920606aa9b60cf204817209120170320.html]
[pdamgowa.co.id/content/themes-1/assets/pagescript/artikel.css]
[pdamgowa.co.id/berita2679.html]
[pdamgowa.co.id/berita9ba9.html]
[pdamgowa.co.id/berita4658.html]
[pdamgowa.co.id/upload/136f21c2193bdfb58a3b126d6603f75767123739820240515.jpg]
[pdamgowa.co.id/berita/kehadiran-loket-pdam-di-mall-pelayanan-publik-kabupaten-gowa-berikan-kemudahan-akses-dan-peningkatan-kualitas-pelayanan-kepada-pelanggan-dan-masyarakat.html]
[pdamgowa.co.id/berita/--kategori/informasi-tagihan.html]
[pdamgowa.co.id/berita/--kategori/berita4658.html]
[pdamgowa.co.id/berita/--kategori/berita.html]
[pdamgowa.co.id/upload/b5eac4a20fb903bd702e211abfa611e5135486846420240626.jpg]
[pdamgowa.co.id/berita/sambutan-oleh-ketua-perpamsi-sulsel-pembukaan-pekan-olahraga-antar-perusahaan-air-minum-daerah-porpamda-di-makassar.html]
[pdamgowa.co.id/upload/b3f51a1d9a2a83cfc0de81bf975c8cb023833836020240517.jpg]
[pdamgowa.co.id/berita/perpamsi-tahun-2024-kembali-menggelar-event-porpamnas-viii-di-makassar.html]
[pdamgowa.co.id/berita/--kategori/olahraga.html]
[pdamgowa.co.id/upload/9eeef6ba513b32d5700a471cd5d9d40c128878452620240520.jpg]
[pdamgowa.co.id/berita/pelatihan-pdam-pintar-bima-sakti-altera-dan-pd-perpamsi-di-bali-perumda-air-minum-tirta-jeneberang-kabupaten-gowa-mengirimkan-20-peserta.html]
[pdamgowa.co.id/berita/--kategori/teknologi.html]
[pdamgowa.co.id/content/themes-1/assets/pagescript/galeri.css]
[pdamgowa.co.id/content/themes-1/assets/pagescript/contact.css]
[pdamgowa.co.id/berita/content/themes-1/assets/pagescript/artikel.html]
[pdamgowa.co.id/berita2679.html]
[pdamgowa.co.id/upload/0d546c14db4c2ca6593bb0e17f4d156b132049004920240528.jpg]
[pdamgowa.co.id/upload/80688d09b6058ff73e34f8716cd1742957997017120240528.png]
[pdamgowa.co.id/berita/direktur-utama-perumda-air-minum-tirta-jeneberang-kabupaten-gowa-hadir-dalam-rapat-monitoring-dan-evaluasi-kinerja-spam-regional-mamminasata-tahap-i-di-kantor-kejaksaan-tinggi-sulawesi-sela]
[pdamgowa.co.id/berita/direktur-bagian-teknik-dan-kabag-produksi-perumda-air-minum-tirta-jeneberang-tinjau-kondisi-intake-ipa-pandangpandang-untuk-mengantisipasi-musim-kemarau.html]
[pdamgowa.co.id/beritafdb0.html]
[pdamgowa.co.id/berita9ba9.html]
[pdamgowa.co.id/upload/d65279af32ad37a466834bb27a4a2cd691670110220240515.jpg]
[pdamgowa.co.id/upload/4a43de91653d958392ddde235500dfd6141048250120240515.jpg]
[pdamgowa.co.id/berita/kehadiran-loket-pdam-di-mall-pelayanan-publik-kabupaten-gowa-berikan-kemudahan-akses-dan-peningkatan-kualitas-pelayanan-kepada-pelanggan-dan-masyarakat.html]
[pdamgowa.co.id/berita/--kategori/berita2679.html]
[pdamgowa.co.id/berita/--kategori/berita9ba9.html]
[pdamgowa.co.id/berita/--kategori/berita4658.html]
[pdamgowa.co.id/upload/00404d3d296716345172d6abde285ff6195845245320240626.jpg]
[pdamgowa.co.id/upload/49784c330e01e72af7fc4a162a4ccd64115061680020240626.jpg]
[pdamgowa.co.id/upload/bdb82ebbb01cf61109fb1d13f1e9544d20336813120240626.jpg]
[pdamgowa.co.id/berita/sambutan-oleh-ketua-perpamsi-sulsel-pembukaan-pekan-olahraga-antar-perusahaan-air-minum-daerah-porpamda-di-makassar.html]
[pdamgowa.co.id/upload/b6acc7fcc20cb59e8b564cc28e61be0117216432220240517.jpg]
[pdamgowa.co.id/berita/perpamsi-tahun-2024-kembali-menggelar-event-porpamnas-viii-di-makassar.html]
[pdamgowa.co.id/upload/21eb23b1332002fa91921f64b0d9348241205990820240520.jpg]
[pdamgowa.co.id/upload/27c4246a68e2e7f1fa71ed77937e76648756975420240520.jpg]
[pdamgowa.co.id/berita/pelatihan-pdam-pintar-bima-sakti-altera-dan-pd-perpamsi-di-bali-perumda-air-minum-tirta-jeneberang-kabupaten-gowa-mengirimkan-20-peserta.html]
[pdamgowa.co.id/upload/b0989564c4bb3f1bb964aa44bcb28c14138616159620240528.jpg]
[pdamgowa.co.id/upload/9ffab2bb60a97350e9d803c499bea7f396431398720240528.jpg]
[pdamgowa.co.id/upload/f00f1fb1c022e622afedcd61fd4fabb4160841949020240528.jpg]
[pdamgowa.co.id/upload/6d3bfd7521f445144ae3f5f950faeb7a59762529120240528.jpg]
[pdamgowa.co.id/berita/direktur-utama-perumda-air-minum-tirta-jeneberang-kabupaten-gowa-hadir-dalam-rapat-monitoring-dan-evaluasi-kinerja-spam-regional-mamminasata-tahap-i-di-kantor-kejaksaan-tinggi-sulawesi-sela]
[pdamgowa.co.id/upload/93fee3e1327f6a0adaba3143c567d6aa196585543920240528.jpg]
[pdamgowa.co.id/upload/4bc67ccbcbcecd7c4d955d7f2b5a59b1170138842220240528.jpg]
[pdamgowa.co.id/upload/33c3bb84c2ccf79203c3c0c5935de902101031445520240528.jpg]
[pdamgowa.co.id/upload/d75e13673f4d89939cdcd570605bb7af12077180520240528.jpg]
[pdamgowa.co.id/berita/direktur-bagian-teknik-dan-kabag-produksi-perumda-air-minum-tirta-jeneberang-tinjau-kondisi-intake-ipa-pandangpandang-untuk-mengantisipasi-musim-kemarau.html]
[pdamgowa.co.id/upload/3235de7581490bddb7b0b8afef0387f7127054808120210625.jpg]
[pdamgowa.co.id/berita/hadiri-pembukaan-pelatihan-karyawan-pdam-gowa-dirut-harapkan-kinerja-lebih-baik.html]
[pdamgowa.co.id/upload/6da3ac179d5539e29a7f983c2ef79a38150100467620201208.jpg]
[pdamgowa.co.id/berita/info-off-pelayanan-sementara.html]
[pdamgowa.co.id/beritaaf4d.html]
[pdamgowa.co.id/beritafdb0.html]
[pdamgowa.co.id/berita/--kategori/berita2679.html]
[pdamgowa.co.id/berita/--kategori/beritafdb0.html]
[pdamgowa.co.id/berita/--kategori/berita9ba9.html]
[pdamgowa.co.id/upload/58b3e7ec4076a0e9e662db9cd9cc375371807080220210624.jpg]
[pdamgowa.co.id/berita/hadiri-pembukaan-pelatihan-karyawan-pdam-gowa-dirut-harapkan-kinerja-lebih-baik.html]
[pdamgowa.co.id/berita/info-off-pelayanan-sementara.html]
[pdamgowa.co.id/upload/25d4a49b3647fdd864e35ec52773b59b147933412020201123.jpg]
[pdamgowa.co.id/berita/strategi-pencapaian-full-cost-recovery-fcr-.html]
[pdamgowa.co.id/upload/615a6604f43c2da7fb300215b9eef99972283575820201114.jpg]
[pdamgowa.co.id/berita/program-hibah-air-minum-mbr-2020.html]
[pdamgowa.co.id/beritaaf4d.html]
[pdamgowa.co.id/berita/--kategori/beritafdb0.html]
[pdamgowa.co.id/berita/strategi-pencapaian-full-cost-recovery-fcr-.html]
[pdamgowa.co.id/upload/f54dc66a41bb7b39e17d6ae9d147960c59058579920201114.jpg]
[pdamgowa.co.id/berita/program-hibah-air-minum-mbr-2020.html]
